// Jest Snapshot v1, https://goo.gl/fbAQLP

exports[`TodoAreaComponent should render as expected 1`] = `
<Component
  todos={
    Array [
      Object {
        "completed": true,
        "id": 1,
        "title": "Hacer la compra",
        "userId": 1,
      },
      Object {
        "completed": false,
        "id": 2,
        "title": "Ir al gimnasio",
        "userId": 1,
      },
    ]
  }
/>
`;
